###############################################################################
#
# IAR ELF Linker V8.30.1.114/W32 for ARM                  03/Oct/2021  00:54:10
# Copyright 2007-2018 IAR Systems AB.
#
#    Output file  =  C:\hw-misc\phonev2\EWARM\phone2\Exe\phone2.out
#    Map file     =  C:\hw-misc\phonev2\EWARM\phone2\List\phone2.map
#    Command line =  
#        -f C:\Users\VLADIS~1\AppData\Local\Temp\EW72FE.tmp
#        (C:\hw-misc\phonev2\EWARM\phone2\Obj\dac.o
#        C:\hw-misc\phonev2\EWARM\phone2\Obj\display.o
#        C:\hw-misc\phonev2\EWARM\phone2\Obj\dma.o
#        C:\hw-misc\phonev2\EWARM\phone2\Obj\fonts.o
#        C:\hw-misc\phonev2\EWARM\phone2\Obj\gpio.o
#        C:\hw-misc\phonev2\EWARM\phone2\Obj\main.o
#        C:\hw-misc\phonev2\EWARM\phone2\Obj\ringbuff.o
#        C:\hw-misc\phonev2\EWARM\phone2\Obj\rtc.o
#        C:\hw-misc\phonev2\EWARM\phone2\Obj\spi.o
#        C:\hw-misc\phonev2\EWARM\phone2\Obj\startup_stm32l151xb.o
#        C:\hw-misc\phonev2\EWARM\phone2\Obj\stm32l1xx_hal.o
#        C:\hw-misc\phonev2\EWARM\phone2\Obj\stm32l1xx_hal_cortex.o
#        C:\hw-misc\phonev2\EWARM\phone2\Obj\stm32l1xx_hal_dac.o
#        C:\hw-misc\phonev2\EWARM\phone2\Obj\stm32l1xx_hal_dac_ex.o
#        C:\hw-misc\phonev2\EWARM\phone2\Obj\stm32l1xx_hal_dma.o
#        C:\hw-misc\phonev2\EWARM\phone2\Obj\stm32l1xx_hal_exti.o
#        C:\hw-misc\phonev2\EWARM\phone2\Obj\stm32l1xx_hal_flash.o
#        C:\hw-misc\phonev2\EWARM\phone2\Obj\stm32l1xx_hal_flash_ex.o
#        C:\hw-misc\phonev2\EWARM\phone2\Obj\stm32l1xx_hal_flash_ramfunc.o
#        C:\hw-misc\phonev2\EWARM\phone2\Obj\stm32l1xx_hal_gpio.o
#        C:\hw-misc\phonev2\EWARM\phone2\Obj\stm32l1xx_hal_msp.o
#        C:\hw-misc\phonev2\EWARM\phone2\Obj\stm32l1xx_hal_pwr.o
#        C:\hw-misc\phonev2\EWARM\phone2\Obj\stm32l1xx_hal_pwr_ex.o
#        C:\hw-misc\phonev2\EWARM\phone2\Obj\stm32l1xx_hal_rcc.o
#        C:\hw-misc\phonev2\EWARM\phone2\Obj\stm32l1xx_hal_rcc_ex.o
#        C:\hw-misc\phonev2\EWARM\phone2\Obj\stm32l1xx_hal_rtc.o
#        C:\hw-misc\phonev2\EWARM\phone2\Obj\stm32l1xx_hal_rtc_ex.o
#        C:\hw-misc\phonev2\EWARM\phone2\Obj\stm32l1xx_hal_spi.o
#        C:\hw-misc\phonev2\EWARM\phone2\Obj\stm32l1xx_hal_tim.o
#        C:\hw-misc\phonev2\EWARM\phone2\Obj\stm32l1xx_hal_tim_ex.o
#        C:\hw-misc\phonev2\EWARM\phone2\Obj\stm32l1xx_hal_uart.o
#        C:\hw-misc\phonev2\EWARM\phone2\Obj\stm32l1xx_it.o
#        C:\hw-misc\phonev2\EWARM\phone2\Obj\system_stm32l1xx.o
#        C:\hw-misc\phonev2\EWARM\phone2\Obj\usart.o --redirect
#        _Printf=_PrintfFullNoMb --redirect _Scanf=_ScanfFullNoMb
#        --no_out_extension -o C:\hw-misc\phonev2\EWARM\phone2\Exe\phone2.out
#        --map C:\hw-misc\phonev2\EWARM\phone2\List\phone2.map --config
#        "C:\Program Files (x86)\IAR Systems\Embedded Workbench
#        8.1\arm\config\linker\ST\stm32l151x8.icf" --semihosting --entry
#        __iar_program_start --vfe --text_out locale)
#
###############################################################################

*******************************************************************************
*** RUNTIME MODEL ATTRIBUTES
***

CppFlavor       = *
__SystemLibrary = DLib
__dlib_version  = 6


*******************************************************************************
*** HEAP SELECTION
***

The basic heap was selected because some modules are built with
size limitations (and not runtime checking), and --advanced_heap
was not specified.


*******************************************************************************
*** PLACEMENT SUMMARY
***

"A0":  place at 0x800'0000 { ro section .intvec };
"P1":  place in [from 0x800'0000 to 0x800'ffff] { ro };
define block CSTACK with size = 2K, alignment = 8 { };
define block HEAP with size = 2K, alignment = 8 { };
"P2":  place in [from 0x2000'0000 to 0x2000'27ff] {
          rw, block CSTACK, block HEAP };
initialize by copy { rw };

No sections matched the following patterns:

  section .eeprom  in "P3"


  Section            Kind         Address    Size  Object
  -------            ----         -------    ----  ------
"A0":                                        0xf4
  .intvec            ro code   0x800'0000    0xf4  startup_stm32l151xb.o [1]
                             - 0x800'00f4    0xf4

"P1":                                      0x71ca
  .text              ro code   0x800'00f4   0xe26  xprintffull_nomb.o [2]
  .text              ro code   0x800'0f1a    0x3a  zero_init3.o [4]
  .text              ro code   0x800'0f54    0x16  strchr.o [4]
  .text              ro code   0x800'0f6a     0xa  xsprout.o [2]
  .text              ro code   0x800'0f74    0x40  xfail_s.o [2]
  .text              ro code   0x800'0fb4    0x36  strlen.o [4]
  .text              ro code   0x800'0fec    0x58  memchr.o [4]
  .text              ro code   0x800'1044   0x230  I64DivMod.o [4]
  .text              ro code   0x800'1274   0x1a2  DblMul.o [3]
  .text              ro code   0x800'1418    0xa6  ABImemcpy.o [4]
  .text              ro code   0x800'14c0    0x70  frexp.o [3]
  .text              ro code   0x800'1530    0x2e  DblCmpLe.o [3]
  .text              ro code   0x800'1560    0x2e  DblCmpGe.o [3]
  .text              ro code   0x800'1590   0x13a  ldexp.o [3]
  .text              ro code   0x800'16cc    0x3a  DblToS32.o [3]
  .text              ro code   0x800'1708    0x22  S32ToDbl.o [3]
  .text              ro code   0x800'172c    0xe2  DblSub.o [3]
  .text              ro code   0x800'1810   0x246  DblDiv.o [3]
  .text              ro code   0x800'1a58    0x28  DblToU32.o [3]
  .text              ro code   0x800'1a80    0x1a  U32ToDbl.o [3]
  .text              ro code   0x800'1a9c     0x8  xlocale_c.o [2]
  .text              ro code   0x800'1aa4     0x6  abort.o [2]
  .text              ro code   0x800'1aac     0x2  I64DivZer.o [4]
  .text              ro code   0x800'1ab0   0x16a  DblAdd.o [3]
  .text              ro code   0x800'1c1c    0x14  exit.o [5]
  .text              ro code   0x800'1c30   0xb0c  stm32l1xx_hal_rcc.o [1]
  .text              ro code   0x800'273c   0x42e  main.o [1]
  .text              ro code   0x800'2b6c     0xc  stm32l1xx_hal.o [1]
  .text              ro code   0x800'2b78    0x5c  stm32l1xx_hal.o [1]
  .text              ro code   0x800'2bd4   0x3ec  stm32l1xx_hal_gpio.o [1]
  .text              ro code   0x800'2fc0    0x28  stm32l1xx_hal.o [1]
  .text              ro code   0x800'2fe8   0x404  display.o [1]
  .text              ro code   0x800'33ec    0x34  stm32l1xx_hal.o [1]
  .text              ro code   0x800'3420    0x74  stm32l1xx_hal_pwr.o [1]
  .text              ro code   0x800'3494     0x6  ABImemclr4.o [4]
  .text              ro code   0x800'349c   0x138  ringbuff.o [1]
  .text              ro code   0x800'35d4   0x17c  gpio.o [1]
  .text              ro code   0x800'3750    0x4c  dma.o [1]
  .text              ro code   0x800'379c   0x17c  dac.o [1]
  .text              ro code   0x800'3918    0xec  spi.o [1]
  .text              ro code   0x800'3a04   0x134  usart.o [1]
  .text              ro code   0x800'3b38    0xcc  rtc.o [1]
  .text              ro code   0x800'3c04   0xaa8  stm32l1xx_hal_rtc.o [1]
  .text              ro code   0x800'46ac    0x40  sprintf.o [2]
  .text              ro code   0x800'46ec   0x198  stm32l1xx_hal_rcc_ex.o [1]
  .text              ro code   0x800'4884   0x194  stm32l1xx_hal_cortex.o [1]
  .text              ro code   0x800'4a18   0x564  stm32l1xx_hal_spi.o [1]
  .text              ro code   0x800'4f7c    0x48  stm32l1xx_hal_msp.o [1]
  .text              ro code   0x800'4fc4    0x32  ABImemset48.o [4]
  .text              ro code   0x800'4ff8   0xa58  stm32l1xx_hal_uart.o [1]
  .text              ro code   0x800'5a50    0x66  ABImemset.o [4]
  .text              ro code   0x800'5ab8   0x2f0  stm32l1xx_hal_tim.o [1]
  .text              ro code   0x800'5da8   0x10c  stm32l1xx_hal_tim_ex.o [1]
  .text              ro code   0x800'5eb4   0x10c  stm32l1xx_hal_dac.o [1]
  .text              ro code   0x800'5fc0   0x402  stm32l1xx_hal_dma.o [1]
  .text              ro code   0x800'63c4   0x108  stm32l1xx_hal_rtc_ex.o [1]
  .text              ro code   0x800'64cc     0x2  stm32l1xx_hal_rtc.o [1]
  .text              ro code   0x800'64ce     0x2  stm32l1xx_hal_rtc_ex.o [1]
  .text              ro code   0x800'64d0     0x2  stm32l1xx_hal_uart.o [1]
  .text              ro code   0x800'64d2     0x2  stm32l1xx_hal_uart.o [1]
  .text              ro code   0x800'64d4     0x2  stm32l1xx_hal_uart.o [1]
  .text              ro code   0x800'64d6     0x2  stm32l1xx_hal_uart.o [1]
  .text              ro code   0x800'64d8     0x2  stm32l1xx_hal_uart.o [1]
  .text              ro code   0x800'64da     0x2  stm32l1xx_hal_tim.o [1]
  .text              ro code   0x800'64dc     0x2  stm32l1xx_hal_tim.o [1]
  .text              ro code   0x800'64de     0x2  stm32l1xx_hal_tim.o [1]
  .text              ro code   0x800'64e0     0x2  stm32l1xx_hal_tim.o [1]
  .text              ro code   0x800'64e2     0x2  stm32l1xx_hal_tim.o [1]
  .rodata            const     0x800'64e4   0x76c  fonts.o [1]
  .text              ro code   0x800'6c50    0x78  stm32l1xx_it.o [1]
  .text              ro code   0x800'6cc8    0x18  stm32l1xx_hal.o [1]
  .rodata            const     0x800'6ce0    0x4c  stm32l1xx_hal_cortex.o [1]
  .rodata            const     0x800'6d2c    0x4c  stm32l1xx_hal_gpio.o [1]
  .rodata            const     0x800'6d78    0x4c  stm32l1xx_hal_rcc_ex.o [1]
  .rodata            const     0x800'6dc4    0x4c  stm32l1xx_hal_rtc_ex.o [1]
  .rodata            const     0x800'6e10    0x4c  stm32l1xx_hal_tim_ex.o [1]
  .rodata            const     0x800'6e5c    0x4c  stm32l1xx_hal_uart.o [1]
  .rodata            const     0x800'6ea8    0x48  stm32l1xx_hal_dac.o [1]
  .rodata            const     0x800'6ef0    0x48  stm32l1xx_hal_dma.o [1]
  .rodata            const     0x800'6f38    0x48  stm32l1xx_hal_pwr.o [1]
  .rodata            const     0x800'6f80    0x48  stm32l1xx_hal_rcc.o [1]
  .rodata            const     0x800'6fc8    0x48  stm32l1xx_hal_rtc.o [1]
  .rodata            const     0x800'7010    0x48  stm32l1xx_hal_spi.o [1]
  .rodata            const     0x800'7058    0x48  stm32l1xx_hal_tim.o [1]
  Initializer bytes  const     0x800'70a0    0x44  <for P2-1>
  .text              ro code   0x800'70e4    0x2c  copy_init3.o [4]
  .text              ro code   0x800'7110    0x28  data_init.o [4]
  .iar.init_table    const     0x800'7138    0x24  - Linker created -
  .text              ro code   0x800'715c    0x1e  cmain.o [4]
  .text              ro code   0x800'717a     0x4  low_level_init.o [2]
  .text              ro code   0x800'717e     0x4  exit.o [2]
  .text              ro code   0x800'7184     0xa  cexit.o [4]
  .rodata            const     0x800'7190    0x1c  main.o [1]
  .rodata            const     0x800'71ac    0x10  main.o [1]
  .rodata            const     0x800'71bc    0x10  system_stm32l1xx.o [1]
  .text              ro code   0x800'71cc    0x10  startup_stm32l151xb.o [1]
  .rodata            const     0x800'71dc     0xc  system_stm32l1xx.o [1]
  .text              ro code   0x800'71e8     0xc  cstartup_M.o [4]
  .rodata            const     0x800'71f4     0x8  dac.o [1]
  .rodata            const     0x800'71fc     0x8  dac.o [1]
  .rodata            const     0x800'7204     0x8  main.o [1]
  .rodata            const     0x800'720c     0x8  main.o [1]
  .rodata            const     0x800'7214     0x8  system_stm32l1xx.o [1]
  .rodata            const     0x800'721c     0x4  rtc.o [1]
  .rodata            const     0x800'7220     0x4  xlocale_c.o [2]
  .text              ro code   0x800'7224     0x4  startup_stm32l151xb.o [1]
  .text              ro code   0x800'7228     0x4  startup_stm32l151xb.o [1]
  .text              ro code   0x800'722c     0x4  startup_stm32l151xb.o [1]
  .text              ro code   0x800'7230     0x4  startup_stm32l151xb.o [1]
  .text              ro code   0x800'7234     0x4  startup_stm32l151xb.o [1]
  .text              ro code   0x800'7238     0x4  startup_stm32l151xb.o [1]
  .text              ro code   0x800'723c     0x4  startup_stm32l151xb.o [1]
  .text              ro code   0x800'7240     0x4  startup_stm32l151xb.o [1]
  .text              ro code   0x800'7244     0x4  startup_stm32l151xb.o [1]
  .text              ro code   0x800'7248     0x4  startup_stm32l151xb.o [1]
  .text              ro code   0x800'724c     0x4  startup_stm32l151xb.o [1]
  .text              ro code   0x800'7250     0x4  startup_stm32l151xb.o [1]
  .text              ro code   0x800'7254     0x4  startup_stm32l151xb.o [1]
  .text              ro code   0x800'7258     0x4  startup_stm32l151xb.o [1]
  .text              ro code   0x800'725c     0x4  startup_stm32l151xb.o [1]
  .text              ro code   0x800'7260     0x4  startup_stm32l151xb.o [1]
  .text              ro code   0x800'7264     0x4  startup_stm32l151xb.o [1]
  .text              ro code   0x800'7268     0x4  startup_stm32l151xb.o [1]
  .text              ro code   0x800'726c     0x4  startup_stm32l151xb.o [1]
  .text              ro code   0x800'7270     0x4  startup_stm32l151xb.o [1]
  .text              ro code   0x800'7274     0x4  startup_stm32l151xb.o [1]
  .text              ro code   0x800'7278     0x4  startup_stm32l151xb.o [1]
  .text              ro code   0x800'727c     0x4  startup_stm32l151xb.o [1]
  .text              ro code   0x800'7280     0x4  startup_stm32l151xb.o [1]
  .text              ro code   0x800'7284     0x4  startup_stm32l151xb.o [1]
  .text              ro code   0x800'7288     0x4  startup_stm32l151xb.o [1]
  .text              ro code   0x800'728c     0x4  startup_stm32l151xb.o [1]
  .text              ro code   0x800'7290     0x4  startup_stm32l151xb.o [1]
  .text              ro code   0x800'7294     0x4  startup_stm32l151xb.o [1]
  .text              ro code   0x800'7298     0x4  startup_stm32l151xb.o [1]
  .text              ro code   0x800'729c     0x4  startup_stm32l151xb.o [1]
  .text              ro code   0x800'72a0     0x4  startup_stm32l151xb.o [1]
  .text              ro code   0x800'72a4     0x4  startup_stm32l151xb.o [1]
  .text              ro code   0x800'72a8     0x4  startup_stm32l151xb.o [1]
  .text              ro code   0x800'72ac     0x4  startup_stm32l151xb.o [1]
  .text              ro code   0x800'72b0     0x4  startup_stm32l151xb.o [1]
  .text              ro code   0x800'72b4     0x4  startup_stm32l151xb.o [1]
  .text              ro code   0x800'72b8     0x4  startup_stm32l151xb.o [1]
  .text              ro code   0x800'72bc     0x2  system_stm32l1xx.o [1]
  .rodata            const     0x800'72be     0x0  zero_init3.o [4]
  .rodata            const     0x800'72be     0x0  copy_init3.o [4]
                             - 0x800'72be  0x71ca

"P2", part 1 of 3:                           0x44
  P2-1                        0x2000'0000    0x44  <Init block>
    .data            inited   0x2000'0000     0x4  stm32l1xx_hal.o [1]
    .data            inited   0x2000'0004     0x4  stm32l1xx_hal.o [1]
    .data            inited   0x2000'0008     0x4  system_stm32l1xx.o [1]
    .data            inited   0x2000'000c    0x38  xlocale_c.o [2]
                            - 0x2000'0044    0x44

"P2", part 2 of 3:                          0x420
  .bss               zero     0x2000'0044   0x200  display.o [1]
  .bss               zero     0x2000'0244    0x58  spi.o [1]
  .bss               zero     0x2000'029c    0x44  dac.o [1]
  .bss               zero     0x2000'02e0    0x44  usart.o [1]
  .bss               zero     0x2000'0324    0x44  usart.o [1]
  .bss               zero     0x2000'0368    0x44  usart.o [1]
  .bss               zero     0x2000'03ac    0x40  dac.o [1]
  .bss               zero     0x2000'03ec    0x20  rtc.o [1]
  .bss               zero     0x2000'040c    0x14  dac.o [1]
  .bss               zero     0x2000'0420    0x14  ringbuff.o [1]
  .bss               zero     0x2000'0434    0x14  ringbuff.o [1]
  .bss               zero     0x2000'0448     0x4  main.o [1]
  .bss               zero     0x2000'044c     0x4  ringbuff.o [1]
  .bss               zero     0x2000'0450     0x4  stm32l1xx_hal.o [1]
  .bss               zero     0x2000'0454     0x4  xfail_s.o [2]
  .bss               zero     0x2000'0458     0x1  display.o [1]
  .bss               zero     0x2000'0459     0x1  display.o [1]
  .bss               zero     0x2000'045a     0x1  main.o [1]
  .bss               zero     0x2000'045b     0x1  main.o [1]
  .bss               zero     0x2000'045c     0x1  main.o [1]
  .bss               zero     0x2000'045d     0x1  main.o [1]
  .bss               zero     0x2000'045e     0x1  main.o [1]
  .bss               zero     0x2000'045f     0x1  ringbuff.o [1]
  .bss               zero     0x2000'0460     0x1  ringbuff.o [1]
                            - 0x2000'0461   0x41d

"P2", part 3 of 3:                          0x800
  CSTACK                      0x2000'0468   0x800  <Block>
    CSTACK           uninit   0x2000'0468   0x800  <Block tail>
                            - 0x2000'0c68   0x800

Unused ranges:

         From           To    Size
         ----           --    ----
   0x800'72be   0x800'ffff  0x8d42
  0x2000'0464  0x2000'0467     0x4
  0x2000'0c68  0x2000'27ff  0x1b98


*******************************************************************************
*** INIT TABLE
***

          Address      Size
          -------      ----
Zero (__iar_zero_init3)
    1 destination range, total size 0x41d:
          0x2000'0044  0x41d

Copy (__iar_copy_init3)
    1 source range, total size 0x44:
           0x800'70a0   0x44
    1 destination range, total size 0x44:
          0x2000'0000   0x44



*******************************************************************************
*** MODULE SUMMARY
***

    Module                  ro code  ro data  rw data
    ------                  -------  -------  -------
command line/config:
    -------------------------------------------------
    Total:

C:\hw-misc\phonev2\EWARM\phone2\Obj: [1]
    dac.o                       380       16      152
    display.o                 1 028               514
    dma.o                        76
    fonts.o                            1 900
    gpio.o                      380
    main.o                    1 070       60        9
    ringbuff.o                  312                46
    rtc.o                       204        4       32
    spi.o                       236                88
    startup_stm32l151xb.o       412
    stm32l1xx_hal.o             220        8       12
    stm32l1xx_hal_cortex.o      404       76
    stm32l1xx_hal_dac.o         268       72
    stm32l1xx_hal_dma.o       1 026       72
    stm32l1xx_hal_gpio.o      1 004       76
    stm32l1xx_hal_msp.o          72
    stm32l1xx_hal_pwr.o         116       72
    stm32l1xx_hal_rcc.o       2 828       72
    stm32l1xx_hal_rcc_ex.o      408       76
    stm32l1xx_hal_rtc.o       2 730       72
    stm32l1xx_hal_rtc_ex.o      266       76
    stm32l1xx_hal_spi.o       1 380       72
    stm32l1xx_hal_tim.o         762       72
    stm32l1xx_hal_tim_ex.o      268       76
    stm32l1xx_hal_uart.o      2 658       76
    stm32l1xx_it.o              120
    system_stm32l1xx.o            2       40        4
    usart.o                     308               204
    -------------------------------------------------
    Total:                   18 938    2 988    1 061

dl7M_tlf.a: [2]
    abort.o                       6
    exit.o                        4
    low_level_init.o              4
    sprintf.o                    64
    xfail_s.o                    64                 4
    xlocale_c.o                   8       60       56
    xprintffull_nomb.o        3 622
    xsprout.o                    10
    -------------------------------------------------
    Total:                    3 782       60       60

m7M_tl.a: [3]
    DblAdd.o                    362
    DblCmpGe.o                   46
    DblCmpLe.o                   46
    DblDiv.o                    582
    DblMul.o                    418
    DblSub.o                    226
    DblToS32.o                   58
    DblToU32.o                   40
    S32ToDbl.o                   34
    U32ToDbl.o                   26
    frexp.o                     112
    ldexp.o                     314
    -------------------------------------------------
    Total:                    2 264

rt7M_tl.a: [4]
    ABImemclr4.o                  6
    ABImemcpy.o                 166
    ABImemset.o                 102
    ABImemset48.o                50
    I64DivMod.o                 560
    I64DivZer.o                   2
    cexit.o                      10
    cmain.o                      30
    copy_init3.o                 44
    cstartup_M.o                 12
    data_init.o                  40
    memchr.o                     88
    strchr.o                     22
    strlen.o                     54
    zero_init3.o                 58
    -------------------------------------------------
    Total:                    1 244

shb_l.a: [5]
    exit.o                       20
    -------------------------------------------------
    Total:                       20

    Gaps                         40        2
    Linker created                        36    2 048
-----------------------------------------------------
    Grand Total:             26 288    3 086    3 169


*******************************************************************************
*** ENTRY LIST
***

Entry                       Address   Size  Type      Object
-----                       -------   ----  ----      ------
.iar.init_table$$Base    0x800'7138          --   Gb  - Linker created -
.iar.init_table$$Limit   0x800'715c          --   Gb  - Linker created -
?main                    0x800'715d         Code  Gb  cmain.o [4]
AHBPrescTable            0x800'71bc   0x10  Data  Gb  system_stm32l1xx.o [1]
APBPrescTable            0x800'7214    0x8  Data  Gb  system_stm32l1xx.o [1]
BusFault_Handler         0x800'6c57    0x2  Code  Gb  stm32l1xx_it.o [1]
CSTACK$$Base            0x2000'0468          --   Gb  - Linker created -
CSTACK$$Limit           0x2000'0c68          --   Gb  - Linker created -
CurrentX                0x2000'0458    0x1  Data  Gb  display.o [1]
CurrentY                0x2000'0459    0x1  Data  Gb  display.o [1]
DISPLAY_Init             0x800'3113  0x112  Code  Gb  display.o [1]
DISPLAY_ReInit           0x800'30cf   0x2e  Code  Gb  display.o [1]
DISPLAY_Sleep            0x800'30fd   0x16  Code  Gb  display.o [1]
DISPLAY_WRITE_CMD        0x800'2fe9   0x40  Code  Gb  display.o [1]
DISPLAY_WRITE_DATA       0x800'3029   0x42  Code  Gb  display.o [1]
DMA1_Channel2_IRQHandler
                         0x800'6c7b    0xa  Code  Gb  stm32l1xx_it.o [1]
DMA1_Channel4_IRQHandler
                         0x800'6c85    0xa  Code  Gb  stm32l1xx_it.o [1]
DMA1_Channel5_IRQHandler
                         0x800'6c8f    0xa  Code  Gb  stm32l1xx_it.o [1]
DMA_SetConfig            0x800'6391   0x32  Code  Lc  stm32l1xx_hal_dma.o [1]
DebugMon_Handler         0x800'6c5d    0x2  Code  Gb  stm32l1xx_it.o [1]
EnterSleep               0x800'2761   0x38  Code  Gb  main.o [1]
Error_Handler            0x800'2b65    0x4  Code  Gb  main.o [1]
Font7x10                 0x800'64e4  0x76c  Data  Gb  fonts.o [1]
HAL_DAC_ConfigChannel    0x800'5ef7   0xc0  Code  Gb  stm32l1xx_hal_dac.o [1]
HAL_DAC_Init             0x800'5eb5   0x42  Code  Gb  stm32l1xx_hal_dac.o [1]
HAL_DAC_MspInit          0x800'382f   0x8e  Code  Gb  dac.o [1]
HAL_DBGMCU_EnableDBGStandbyMode
                         0x800'340f    0xc  Code  Gb  stm32l1xx_hal.o [1]
HAL_DMA_Abort            0x800'61f9   0x52  Code  Gb  stm32l1xx_hal_dma.o [1]
HAL_DMA_Abort_IT         0x800'624b   0x58  Code  Gb  stm32l1xx_hal_dma.o [1]
HAL_DMA_GetError         0x800'638d    0x4  Code  Gb  stm32l1xx_hal_dma.o [1]
HAL_DMA_IRQHandler       0x800'62a3   0xea  Code  Gb  stm32l1xx_hal_dma.o [1]
HAL_DMA_Init             0x800'5fc1  0x164  Code  Gb  stm32l1xx_hal_dma.o [1]
HAL_DMA_Start_IT         0x800'6125   0xa8  Code  Gb  stm32l1xx_hal_dma.o [1]
HAL_Delay                0x800'2fc1   0x28  Code  Wk  stm32l1xx_hal.o [1]
HAL_GPIO_Init            0x800'2bd5  0x346  Code  Gb  stm32l1xx_hal_gpio.o [1]
HAL_GPIO_ReadPin         0x800'2f1b   0x2a  Code  Gb  stm32l1xx_hal_gpio.o [1]
HAL_GPIO_WritePin        0x800'2f45   0x48  Code  Gb  stm32l1xx_hal_gpio.o [1]
HAL_GetTick              0x800'2b6d    0xc  Code  Wk  stm32l1xx_hal.o [1]
HAL_IncTick              0x800'6cc9   0x18  Code  Wk  stm32l1xx_hal.o [1]
HAL_Init                 0x800'33ed   0x22  Code  Gb  stm32l1xx_hal.o [1]
HAL_InitTick             0x800'2b79   0x5c  Code  Wk  stm32l1xx_hal.o [1]
HAL_MspInit              0x800'4f7d   0x48  Code  Gb  stm32l1xx_hal_msp.o [1]
HAL_NVIC_EnableIRQ       0x800'49cd   0x20  Code  Gb  stm32l1xx_hal_cortex.o [1]
HAL_NVIC_SetPriority     0x800'498f   0x3e  Code  Gb  stm32l1xx_hal_cortex.o [1]
HAL_NVIC_SetPriorityGrouping
                         0x800'4965   0x2a  Code  Gb  stm32l1xx_hal_cortex.o [1]
HAL_PWR_EnableBkUpAccess
                         0x800'3421   0x14  Code  Gb  stm32l1xx_hal_pwr.o [1]
HAL_PWR_EnableWakeUpPin
                         0x800'3435   0x34  Code  Gb  stm32l1xx_hal_pwr.o [1]
HAL_PWR_EnterSTANDBYMode
                         0x800'3469   0x18  Code  Gb  stm32l1xx_hal_pwr.o [1]
HAL_RCCEx_PeriphCLKConfig
                         0x800'46ed  0x174  Code  Gb  stm32l1xx_hal_rcc_ex.o [1]
HAL_RCC_ClockConfig      0x800'2333  0x294  Code  Gb  stm32l1xx_hal_rcc.o [1]
HAL_RCC_GetHCLKFreq      0x800'2645    0x6  Code  Gb  stm32l1xx_hal_rcc.o [1]
HAL_RCC_GetPCLK1Freq     0x800'264b   0x16  Code  Gb  stm32l1xx_hal_rcc.o [1]
HAL_RCC_GetPCLK2Freq     0x800'2661   0x16  Code  Gb  stm32l1xx_hal_rcc.o [1]
HAL_RCC_GetSysClockFreq
                         0x800'25dd   0x68  Code  Gb  stm32l1xx_hal_rcc.o [1]
HAL_RCC_OscConfig        0x800'1c31  0x702  Code  Gb  stm32l1xx_hal_rcc.o [1]
HAL_RTCEx_AlarmBEventCallback
                         0x800'64cf    0x2  Code  Wk  stm32l1xx_hal_rtc_ex.o [1]
HAL_RTCEx_SetWakeUpTimer
                         0x800'63c5  0x104  Code  Gb  stm32l1xx_hal_rtc_ex.o [1]
HAL_RTC_AlarmIRQHandler
                         0x800'45a1   0x5e  Code  Gb  stm32l1xx_hal_rtc.o [1]
HAL_RTC_GetTime          0x800'3fa5   0x68  Code  Gb  stm32l1xx_hal_rtc.o [1]
HAL_RTC_Init             0x800'3c05  0x16e  Code  Gb  stm32l1xx_hal_rtc.o [1]
HAL_RTC_MspInit          0x800'3be5   0x10  Code  Gb  rtc.o [1]
HAL_RTC_SetAlarm_IT      0x800'41d9  0x3c2  Code  Gb  stm32l1xx_hal_rtc.o [1]
HAL_RTC_SetDate          0x800'400d  0x1c0  Code  Gb  stm32l1xx_hal_rtc.o [1]
HAL_RTC_SetTime          0x800'3d73  0x232  Code  Gb  stm32l1xx_hal_rtc.o [1]
HAL_RTC_WaitForSynchro   0x800'4615   0x34  Code  Gb  stm32l1xx_hal_rtc.o [1]
HAL_SPI_Init             0x800'4a19  0x260  Code  Gb  stm32l1xx_hal_spi.o [1]
HAL_SPI_MspInit          0x800'395f   0x8c  Code  Gb  spi.o [1]
HAL_SPI_Transmit         0x800'4c79  0x1c4  Code  Gb  stm32l1xx_hal_spi.o [1]
HAL_SYSTICK_Config       0x800'49ed    0x8  Code  Gb  stm32l1xx_hal_cortex.o [1]
HAL_TIMEx_MasterConfigSynchronization
                         0x800'5da9   0xf2  Code  Gb  stm32l1xx_hal_tim_ex.o [1]
HAL_TIM_Base_Init        0x800'5ab9  0x114  Code  Gb  stm32l1xx_hal_tim.o [1]
HAL_TIM_Base_MspInit     0x800'38bd   0x30  Code  Gb  dac.o [1]
HAL_TIM_IRQHandler       0x800'5bed  0x13a  Code  Gb  stm32l1xx_hal_tim.o [1]
HAL_UARTEx_ReceiveToIdle_DMA
                         0x800'51c9   0x72  Code  Gb  stm32l1xx_hal_uart.o [1]
HAL_UARTEx_RxEventCallback
                         0x800'3539   0x7e  Code  Gb  ringbuff.o [1]
HAL_UART_Abort           0x800'523b   0xc6  Code  Gb  stm32l1xx_hal_uart.o [1]
HAL_UART_IRQHandler      0x800'5301  0x21e  Code  Gb  stm32l1xx_hal_uart.o [1]
HAL_UART_Init            0x800'4ff9  0x12a  Code  Gb  stm32l1xx_hal_uart.o [1]
HAL_UART_MspInit         0x800'3a4b   0xc8  Code  Gb  usart.o [1]
HAL_UART_Transmit_DMA    0x800'5123   0x94  Code  Gb  stm32l1xx_hal_uart.o [1]
HardFault_Handler        0x800'6c53    0x2  Code  Gb  stm32l1xx_it.o [1]
LoadInt                  0x800'02a3   0x7a  Code  Lc  xprintffull_nomb.o [2]
MX_DAC_Init              0x800'379d   0x92  Code  Gb  dac.o [1]
MX_DMA_Init              0x800'3751   0x4c  Code  Gb  dma.o [1]
MX_GPIO_Init             0x800'35d5  0x17c  Code  Gb  gpio.o [1]
MX_RTC_Init              0x800'3ba3   0x42  Code  Gb  rtc.o [1]
MX_RTC_SetTimestamp      0x800'3b39   0x6a  Code  Gb  rtc.o [1]
MX_SPI1_Init             0x800'3919   0x46  Code  Gb  spi.o [1]
MX_USART1_UART_Init      0x800'3a05   0x46  Code  Gb  usart.o [1]
MemManage_Handler        0x800'6c55    0x2  Code  Gb  stm32l1xx_it.o [1]
NMI_Handler              0x800'6c51    0x2  Code  Gb  stm32l1xx_it.o [1]
NVIC_EncodePriority      0x800'48f5   0x3c  Code  Lc  stm32l1xx_hal_cortex.o [1]
PLLMulTable              0x800'71dc    0xc  Data  Gb  system_stm32l1xx.o [1]
PendSV_Handler           0x800'6c5f    0x2  Code  Gb  stm32l1xx_it.o [1]
RCC_SetFlashLatencyFromMSIRange
                         0x800'2685   0x7e  Code  Lc  stm32l1xx_hal_rcc.o [1]
RTC_Alarm_IRQHandler     0x800'6ca3    0xa  Code  Gb  stm32l1xx_it.o [1]
RTC_Bcd2ToByte           0x800'4699   0x14  Code  Gb  stm32l1xx_hal_rtc.o [1]
RTC_ByteToBcd2           0x800'4681   0x18  Code  Gb  stm32l1xx_hal_rtc.o [1]
RTC_EnterInitMode        0x800'4649   0x38  Code  Gb  stm32l1xx_hal_rtc.o [1]
Region$$Table$$Base      0x800'7138          --   Gb  - Linker created -
Region$$Table$$Limit     0x800'715c          --   Gb  - Linker created -
SIM800_EnsureUP          0x800'2851   0x1a  Code  Gb  main.o [1]
SIM800_PowerUP           0x800'273d   0x24  Code  Gb  main.o [1]
SPI_EndRxTxTransaction   0x800'4f1b   0x5a  Code  Lc  stm32l1xx_hal_spi.o [1]
SPI_WaitFlagStateUntilTimeout
                         0x800'4e49   0xd2  Code  Lc  stm32l1xx_hal_spi.o [1]
SSD1306_Buffer          0x2000'0044  0x200  Data  Lc  display.o [1]
SVC_Handler              0x800'6c5b    0x2  Code  Gb  stm32l1xx_it.o [1]
SysTick_Config           0x800'4931   0x34  Code  Lc  stm32l1xx_hal_cortex.o [1]
SysTick_Handler          0x800'6c61   0x10  Code  Gb  stm32l1xx_it.o [1]
SystemClock_Config       0x800'2a83   0x9c  Code  Gb  main.o [1]
SystemCoreClock         0x2000'0008    0x4  Data  Gb  system_stm32l1xx.o [1]
SystemInit               0x800'72bd    0x2  Code  Gb  system_stm32l1xx.o [1]
TIM6_IRQHandler          0x800'6c99    0xa  Code  Gb  stm32l1xx_it.o [1]
TIMEOUT                 0x2000'044c    0x4  Data  Gb  ringbuff.o [1]
TIM_Base_SetConfig       0x800'5d27   0x6e  Code  Lc  stm32l1xx_hal_tim.o [1]
UARTReset                0x800'34db   0x5e  Code  Gb  ringbuff.o [1]
UARTSend                 0x800'349d   0x20  Code  Gb  ringbuff.o [1]
UARTWaitOK               0x800'34bd   0x1e  Code  Gb  ringbuff.o [1]
UART_DMAAbortOnError     0x800'5705   0x12  Code  Lc  stm32l1xx_hal_uart.o [1]
UART_DMAError            0x800'55e1   0x56  Code  Lc  stm32l1xx_hal_uart.o [1]
UART_DMAReceiveCplt      0x800'5563   0x62  Code  Lc  stm32l1xx_hal_uart.o [1]
UART_DMARxHalfCplt       0x800'55c5   0x1c  Code  Lc  stm32l1xx_hal_uart.o [1]
UART_DMATransmitCplt     0x800'5525   0x32  Code  Lc  stm32l1xx_hal_uart.o [1]
UART_DMATxHalfCplt       0x800'5559    0xa  Code  Lc  stm32l1xx_hal_uart.o [1]
UART_EndRxTransfer       0x800'56cf   0x36  Code  Lc  stm32l1xx_hal_uart.o [1]
UART_EndTransmit_IT      0x800'577b   0x1c  Code  Lc  stm32l1xx_hal_uart.o [1]
UART_EndTxTransfer       0x800'56bb   0x14  Code  Lc  stm32l1xx_hal_uart.o [1]
UART_Receive_IT          0x800'5797   0xdc  Code  Lc  stm32l1xx_hal_uart.o [1]
UART_SetConfig           0x800'5873  0x1c0  Code  Lc  stm32l1xx_hal_uart.o [1]
UART_Start_Receive_DMA   0x800'5637   0x84  Code  Gb  stm32l1xx_hal_uart.o [1]
UART_Transmit_IT         0x800'5719   0x62  Code  Lc  stm32l1xx_hal_uart.o [1]
USART1_IRQHandler        0x800'6c71    0xa  Code  Gb  stm32l1xx_it.o [1]
UsageFault_Handler       0x800'6c59    0x2  Code  Gb  stm32l1xx_it.o [1]
_GenldFullNoMb           0x800'0c19  0x274  Code  Lc  xprintffull_nomb.o [2]
_LdtobFullNoMb           0x800'07ed  0x400  Code  Lc  xprintffull_nomb.o [2]
_LitobFullNoMb           0x800'0695  0x112  Code  Lc  xprintffull_nomb.o [2]
_Locale_lconv           0x2000'000c   0x38  Data  Lc  xlocale_c.o [2]
_PrintfFullNoMb          0x800'00f5  0x19e  Code  Gb  xprintffull_nomb.o [2]
_PutcharsFullNoMb        0x800'0e8d   0x2e  Code  Lc  xprintffull_nomb.o [2]
_PutfldFullNoMb          0x800'031d  0x26c  Code  Lc  xprintffull_nomb.o [2]
_PuttxtFullNoMb          0x800'0589  0x10c  Code  Lc  xprintffull_nomb.o [2]
_SProut                  0x800'0f6b    0xa  Code  Gb  xsprout.o [2]
__NVIC_EnableIRQ         0x800'48af   0x1e  Code  Lc  stm32l1xx_hal_cortex.o [1]
__NVIC_GetPriorityGrouping
                         0x800'48a3    0xc  Code  Lc  stm32l1xx_hal_cortex.o [1]
__NVIC_SetPriority       0x800'48cd   0x28  Code  Lc  stm32l1xx_hal_cortex.o [1]
__NVIC_SetPriorityGrouping
                         0x800'4885   0x1e  Code  Lc  stm32l1xx_hal_cortex.o [1]
__aeabi_cdcmple          0x800'1531         Code  Gb  DblCmpLe.o [3]
__aeabi_cdrcmple         0x800'1561         Code  Gb  DblCmpGe.o [3]
__aeabi_d2iz             0x800'16cd         Code  Gb  DblToS32.o [3]
__aeabi_d2uiz            0x800'1a59         Code  Gb  DblToU32.o [3]
__aeabi_ddiv             0x800'1811         Code  Gb  DblDiv.o [3]
__aeabi_dmul             0x800'1275         Code  Gb  DblMul.o [3]
__aeabi_dsub             0x800'172d         Code  Gb  DblSub.o [3]
__aeabi_i2d              0x800'1709         Code  Gb  S32ToDbl.o [3]
__aeabi_ldiv0            0x800'1aad         Code  Gb  I64DivZer.o [4]
__aeabi_memclr4          0x800'3495         Code  Gb  ABImemclr4.o [4]
__aeabi_memcpy           0x800'1419         Code  Gb  ABImemcpy.o [4]
__aeabi_memcpy4          0x800'1439         Code  Gb  ABImemcpy.o [4]
__aeabi_memcpy8          0x800'1439         Code  Gb  ABImemcpy.o [4]
__aeabi_memset           0x800'5a51         Code  Gb  ABImemset.o [4]
__aeabi_ui2d             0x800'1a81         Code  Gb  U32ToDbl.o [3]
__aeabi_uldivmod         0x800'1045         Code  Gb  I64DivMod.o [4]
__cmain                  0x800'715d         Code  Gb  cmain.o [4]
__exit                   0x800'1c1d   0x14  Code  Gb  exit.o [5]
__iar_Fail_s             0x800'0f75   0x1c  Code  Gb  xfail_s.o [2]
__iar_Memchr             0x800'0fed         Code  Gb  memchr.o [4]
__iar_Memset             0x800'5a51         Code  Gb  ABImemset.o [4]
__iar_Memset4_word       0x800'4fc5         Code  Gb  ABImemset48.o [4]
__iar_Memset8_word       0x800'4fc5         Code  Gb  ABImemset48.o [4]
__iar_Memset_word        0x800'5a59         Code  Gb  ABImemset.o [4]
__iar_Strchr             0x800'0f55         Code  Gb  strchr.o [4]
__iar_copy_init3         0x800'70e5   0x2c  Code  Gb  copy_init3.o [4]
__iar_dadd               0x800'173d         Code  Gb  DblSub.o [3]
__iar_data_init3         0x800'7111   0x28  Code  Gb  data_init.o [4]
__iar_dsub               0x800'1ab1         Code  Gb  DblAdd.o [3]
__iar_dsubStart          0x800'1ac3         Code  Gb  DblAdd.o [3]
__iar_frexp              0x800'14cd         Code  Gb  frexp.o [3]
__iar_frexp64            0x800'14c1         Code  Gb  frexp.o [3]
__iar_frexpl             0x800'14cd         Code  Gb  frexp.o [3]
__iar_ldexp64            0x800'1591         Code  Gb  ldexp.o [3]
__iar_program_start      0x800'71e9         Code  Gb  cstartup_M.o [4]
__iar_scalbln64          0x800'1591         Code  Gb  ldexp.o [3]
__iar_scalbn64           0x800'1591         Code  Gb  ldexp.o [3]
__iar_zero_init3         0x800'0f1b   0x3a  Code  Gb  zero_init3.o [4]
__low_level_init         0x800'717b    0x4  Code  Gb  low_level_init.o [2]
__vector_table           0x800'0000         Data  Gb  startup_stm32l151xb.o [1]
_call_main               0x800'7169         Code  Gb  cmain.o [4]
_exit                    0x800'7185         Code  Gb  cexit.o [4]
_main                    0x800'7177         Code  Gb  cmain.o [4]
abort                    0x800'1aa5    0x6  Code  Gb  abort.o [2]
alarm                   0x2000'045e    0x1  Data  Gb  main.o [1]
assert_failed            0x800'2b69    0x2  Code  Gb  main.o [1]
buffer1                 0x2000'0420   0x14  Data  Gb  ringbuff.o [1]
buffer2                 0x2000'0434   0x14  Data  Gb  ringbuff.o [1]
bufferIdx               0x2000'045f    0x1  Data  Gb  ringbuff.o [1]
cunter                  0x2000'0448    0x4  Data  Gb  main.o [1]
exit                     0x800'717f    0x4  Code  Gb  exit.o [2]
frexp                    0x800'14c1         Code  Gb  frexp.o [3]
frexpl                   0x800'14c1         Code  Gb  frexp.o [3]
getChargerState          0x800'2799   0xb8  Code  Gb  main.o [1]
hdac                    0x2000'040c   0x14  Data  Gb  dac.o [1]
hdma_dac                0x2000'029c   0x44  Data  Gb  dac.o [1]
hdma_usart1_rx          0x2000'0324   0x44  Data  Gb  usart.o [1]
hdma_usart1_tx          0x2000'0368   0x44  Data  Gb  usart.o [1]
hrtc                    0x2000'03ec   0x20  Data  Gb  rtc.o [1]
hspi1                   0x2000'0244   0x58  Data  Gb  spi.o [1]
htim6                   0x2000'03ac   0x40  Data  Gb  dac.o [1]
huart1                  0x2000'02e0   0x44  Data  Gb  usart.o [1]
isOK                    0x2000'0460    0x1  Data  Gb  ringbuff.o [1]
kbd_a                   0x2000'045a    0x1  Data  Gb  main.o [1]
kbd_b                   0x2000'045b    0x1  Data  Gb  main.o [1]
kbd_c                   0x2000'045c    0x1  Data  Gb  main.o [1]
kbd_d                   0x2000'045d    0x1  Data  Gb  main.o [1]
ldexp                    0x800'1591         Code  Gb  ldexp.o [3]
ldexpl                   0x800'1591         Code  Gb  ldexp.o [3]
localeconv               0x800'1a9d    0x4  Code  Gb  xlocale_c.o [2]
main                     0x800'286b  0x218  Code  Gb  main.o [1]
memchr                   0x800'0fed         Code  Gb  memchr.o [4]
scalbln                  0x800'1591         Code  Gb  ldexp.o [3]
scalblnl                 0x800'1591         Code  Gb  ldexp.o [3]
scalbn                   0x800'1591         Code  Gb  ldexp.o [3]
scalbnl                  0x800'1591         Code  Gb  ldexp.o [3]
scale                    0x800'07a7   0x46  Code  Lc  xprintffull_nomb.o [2]
sec_hand                0x2000'0454    0x4  Data  Lc  xfail_s.o [2]
sprintf                  0x800'46ad   0x40  Code  Gb  sprintf.o [2]
ssd1306_DrawPixel        0x800'3225   0xa2  Code  Gb  display.o [1]
ssd1306_Fill             0x800'306b   0x22  Code  Gb  display.o [1]
ssd1306_SetCursor        0x800'33cb    0xa  Code  Gb  display.o [1]
ssd1306_UpdateScreen     0x800'308d   0x42  Code  Gb  display.o [1]
ssd1306_WriteChar        0x800'32c7   0xd0  Code  Gb  display.o [1]
ssd1306_WriteString      0x800'3397   0x34  Code  Gb  display.o [1]
strchr                   0x800'0f55         Code  Gb  strchr.o [4]
strlen                   0x800'0fb5         Code  Gb  strlen.o [4]
uwTick                  0x2000'0450    0x4  Data  Gb  stm32l1xx_hal.o [1]
uwTickFreq              0x2000'0004    0x4  Data  Gb  stm32l1xx_hal.o [1]
uwTickPrio              0x2000'0000    0x4  Data  Gb  stm32l1xx_hal.o [1]


[1] = C:\hw-misc\phonev2\EWARM\phone2\Obj
[2] = dl7M_tlf.a
[3] = m7M_tl.a
[4] = rt7M_tl.a
[5] = shb_l.a

  26 288 bytes of readonly  code memory
   3 086 bytes of readonly  data memory
   3 169 bytes of readwrite data memory

Errors: none
Warnings: none
